// Jest Snapshot v1, https://goo.gl/fbAQLP

exports[`ShoppingCartModalView rendering 1`] = `
<WithStyles(Grid)
  container={true}
  direction="column"
  spacing={16}
>
  <WithStyles(Grid)
    item={true}
  >
    <WithStyles(Typography)
      variant="h5"
    >
      Корзина
    </WithStyles(Typography)>
  </WithStyles(Grid)>
  <WithStyles(Grid)
    item={true}
  >
    <WithStyles(Grid)
      container={true}
      spacing={16}
    >
      <WithStyles(Grid)
        item={true}
        key="3"
        xs={3}
      >
        <ProductItem
          imageSrc="https://www.stroydomtrust.ru/assets/gallery/1191/8076.jpg"
          name="Дом"
          onRemoveItem={[Function]}
        />
      </WithStyles(Grid)>
      <WithStyles(Grid)
        item={true}
        key="4"
        xs={3}
      >
        <ProductItem
          imageSrc="https://static-eu.insales.ru/images/products/1/1289/73352457/large_INES_main.jpg"
          name="Стол"
          onRemoveItem={[Function]}
        />
      </WithStyles(Grid)>
    </WithStyles(Grid)>
  </WithStyles(Grid)>
  <WithStyles(Grid)
    item={true}
  >
    <WithStyles(Button)
      onClick={[MockFunction]}
      variant="contained"
    >
      Сделать заказ
    </WithStyles(Button)>
    <WithStyles(Button)
      onClick={[MockFunction]}
    >
      На главную
    </WithStyles(Button)>
  </WithStyles(Grid)>
</WithStyles(Grid)>
`;
