// Jest Snapshot v1, https://goo.gl/fbAQLP

exports[`Products rendering 1`] = `
<WithStyles(Grid)
  container={true}
  spacing={16}
>
  <WithStyles(Grid)
    item={true}
    key="4"
    xs={3}
  >
    <ProductCard
      imageSrc="https://media.tvzvezda.ru/news/vstrane_i_mire/content/201811191113-bhlk.htm/1.jpg"
      name="Автомобиль"
    />
  </WithStyles(Grid)>
  <WithStyles(Grid)
    item={true}
    key="5"
    xs={3}
  >
    <ProductCard
      imageSrc="https://50.img.avito.st/640x480/3764525250.jpg"
      name="Холодильник"
    />
  </WithStyles(Grid)>
</WithStyles(Grid)>
`;
